[    1618ms] [INFO] 喜欢看豆瓣的代码，还是发现了什么bug？不如和我们一起为豆瓣添砖加瓦吧！
http://jobs.douban.com/#position-zsqd @ https://img1.doubanio.com/f/vendors/e258329ca4b2122b4efe53fddc418967441e0e7f/js/douban.js:3213
[    1791ms] [LOG] voteSelector .vote-comment @ https://img1.doubanio.com/f/vendors/6eba6f43fb7592ab783e390f654c0d6a96b1598e/subject-comments/comments-section.js:0
[    1807ms] Uncaught (in promise) ScriptExternalLoadError: Loading script failed.
(error: https://img9.doubanio.com/cuphead/federation/remoteEntry.js)
while loading "./lib/rc" from 756
    at 756 (https://img1.doubanio.com/cuphead/movie-static/updated_progress/index.f7790.js:0:179)
    at p (https://img1.doubanio.com/cuphead/movie-static/updated_progress/index.f7790.js:0:802)
    at u (https://img1.doubanio.com/cuphead/movie-static/updated_progress/index.f7790.js:0:3388)
    at <anonymous> (https://img1.doubanio.com/cuphead/movie-static/updated_progress/index.f7790.js:0:3617)
    at p.f.remotes (https://img1.doubanio.com/cuphead/movie-static/updated_progress/index.f7790.js:0:3077)
    at <anonymous> (https://img1.doubanio.com/cuphead/movie-static/updated_progress/index.f7790.js:0:1679)
    at p.e (https://img1.doubanio.com/cuphead/movie-static/updated_progress/index.f7790.js:0:1645)
    at 608 (https://img1.doubanio.com/cuphead/movie-static/updated_progress/index.f7790.js:0:67)
    at p (https://img1.doubanio.com/cuphead/movie-static/updated_progress/index.f7790.js:0:802)
    at <anonymous> (https://img1.doubanio.com/cuphead/movie-static/updated_progress/index.f7790.js:0:6701)
    at <anonymous> (https://img1.doubanio.com/cuphead/movie-static/updated_progress/index.f7790.js:0:6708)
[    1807ms] Uncaught (in promise) ScriptExternalLoadError: Loading script failed.
(error: https://img9.doubanio.com/cuphead/federation/remoteEntry.js)
while loading "./lib/rc" from 7756
    at 7756 (https://img1.doubanio.com/cuphead/movie-static/series/items-swiper.b6abb.js:0:205)
    at p (https://img1.doubanio.com/cuphead/movie-static/series/items-swiper.b6abb.js:0:829)
    at u (https://img1.doubanio.com/cuphead/movie-static/series/items-swiper.b6abb.js:0:3403)
    at <anonymous> (https://img1.doubanio.com/cuphead/movie-static/series/items-swiper.b6abb.js:0:3632)
    at p.f.remotes (https://img1.doubanio.com/cuphead/movie-static/series/items-swiper.b6abb.js:0:3092)
    at <anonymous> (https://img1.doubanio.com/cuphead/movie-static/series/items-swiper.b6abb.js:0:1692)
    at p.e (https://img1.doubanio.com/cuphead/movie-static/series/items-swiper.b6abb.js:0:1658)
    at 5075 (https://img1.doubanio.com/cuphead/movie-static/series/items-swiper.b6abb.js:0:68)
    at p (https://img1.doubanio.com/cuphead/movie-static/series/items-swiper.b6abb.js:0:829)
    at <anonymous> (https://img1.doubanio.com/cuphead/movie-static/series/items-swiper.b6abb.js:0:6703)
    at <anonymous> (https://img1.doubanio.com/cuphead/movie-static/series/items-swiper.b6abb.js:0:6711)
[    1949ms] [WARNING] [Warning]: dale_subject_right_guess_you_like content is empty @ https://img1.doubanio.com/ZHdhZ2Y4eC9mL2FkanMvZmE3NGZkMWY5NzhhZmM4NmZhZjMxMTllNTQ5MGIyYWRlNTUwYmI0NS9hZC5yZWxlYXNlLmpz?company_token=kX69T8w1wyOE-dale:1
[    1949ms] [WARNING] [Warning]: dale_movie_subject_banner_after_intro content is empty @ https://img1.doubanio.com/ZHdhZ2Y4eC9mL2FkanMvZmE3NGZkMWY5NzhhZmM4NmZhZjMxMTllNTQ5MGIyYWRlNTUwYmI0NS9hZC5yZWxlYXNlLmpz?company_token=kX69T8w1wyOE-dale:1
[    1949ms] [WARNING] [Warning]: dale_movie_subject_hovering_video content is empty @ https://img1.doubanio.com/ZHdhZ2Y4eC9mL2FkanMvZmE3NGZkMWY5NzhhZmM4NmZhZjMxMTllNTQ5MGIyYWRlNTUwYmI0NS9hZC5yZWxlYXNlLmpz?company_token=kX69T8w1wyOE-dale:1
[    1950ms] [WARNING] An iframe which has both allow-scripts and allow-same-origin for its sandbox attribute can escape its sandboxing. @ https://img1.doubanio.com/ZHdhZ2Y4eC9mL2FkanMvZmE3NGZkMWY5NzhhZmM4NmZhZjMxMTllNTQ5MGIyYWRlNTUwYmI0NS9hZC5yZWxlYXNlLmpz?company_token=kX69T8w1wyOE-dale:1
[    2133ms] [ERROR] Event @ https://img1.doubanio.com/ZHdhZ2Y4eC9mL2FkanMvZmE3NGZkMWY5NzhhZmM4NmZhZjMxMTllNTQ5MGIyYWRlNTUwYmI0NS9hZC5yZWxlYXNlLmpz?company_token=kX69T8w1wyOE-dale:1
[    2280ms] [WARNING] An iframe which has both allow-scripts and allow-same-origin for its sandbox attribute can escape its sandboxing. @ https://img1.doubanio.com/ZHdhZ2Y4eC9mL2FkanMvZmE3NGZkMWY5NzhhZmM4NmZhZjMxMTllNTQ5MGIyYWRlNTUwYmI0NS9hZC5yZWxlYXNlLmpz?company_token=kX69T8w1wyOE-dale:1
[    3007ms] [LOG] frame on registerListener @ https://game.weixin.qq.com/cgi-bin/minigame/static/pc-gamesdk-alpha/wxgamesdkframe.html:0
[    5790ms] [LOG] frame on sync_method {getGameSession: } @ https://game.weixin.qq.com/cgi-bin/minigame/static/pc-gamesdk-alpha/wxgamesdkframe.html:0
