[     945ms] [INFO] 喜欢看豆瓣的代码，还是发现了什么bug？不如和我们一起为豆瓣添砖加瓦吧！
http://jobs.douban.com/#position-zsqd @ https://img1.doubanio.com/f/vendors/e258329ca4b2122b4efe53fddc418967441e0e7f/js/douban.js:3213
[    1015ms] Uncaught (in promise) ScriptExternalLoadError: Loading script failed.
(error: https://img9.doubanio.com/cuphead/federation/remoteEntry.js)
while loading "./lib/rc" from 756
    at 756 (https://img3.doubanio.com/cuphead/movie-static/photos/actor-list.4ca5a.js:0:212)
    at d (https://img3.doubanio.com/cuphead/movie-static/photos/actor-list.4ca5a.js:0:834)
    at u (https://img3.doubanio.com/cuphead/movie-static/photos/actor-list.4ca5a.js:0:3414)
    at <anonymous> (https://img3.doubanio.com/cuphead/movie-static/photos/actor-list.4ca5a.js:0:3643)
    at <anonymous> (https://img3.doubanio.com/cuphead/movie-static/photos/actor-list.4ca5a.js:0:3103)
    at <anonymous> (https://img3.doubanio.com/cuphead/movie-static/photos/actor-list.4ca5a.js:0:1697)
    at <anonymous> (https://img3.doubanio.com/cuphead/movie-static/photos/actor-list.4ca5a.js:0:1663)
    at 799 (https://img3.doubanio.com/cuphead/movie-static/photos/actor-list.4ca5a.js:0:67)
    at d (https://img3.doubanio.com/cuphead/movie-static/photos/actor-list.4ca5a.js:0:834)
    at <anonymous> (https://img3.doubanio.com/cuphead/movie-static/photos/actor-list.4ca5a.js:0:6722)
    at <anonymous> (https://img3.doubanio.com/cuphead/movie-static/photos/actor-list.4ca5a.js:0:6729)
[   10960ms] [ERROR] Failed to load resource: net::ERR_CONNECTION_RESET @ https://img2.doubanio.com/icon/u2851406-1.jpg:0
[   10976ms] [ERROR] Failed to load resource: net::ERR_CONNECTION_RESET @ https://img2.doubanio.com/icon/u3609647-21.jpg:0
[   10977ms] [ERROR] Failed to load resource: net::ERR_CONNECTION_RESET @ https://img2.doubanio.com/icon/u68470756-21.jpg:0
[   10977ms] [ERROR] Failed to load resource: net::ERR_CONNECTION_RESET @ https://img2.doubanio.com/icon/u115994323-41.jpg:0
[   10977ms] [ERROR] Failed to load resource: net::ERR_CONNECTION_RESET @ https://img2.doubanio.com/icon/u103959108-1.jpg:0
[   10978ms] [ERROR] Failed to load resource: net::ERR_CONNECTION_RESET @ https://img2.doubanio.com/icon/u105125970-11.jpg:0
[   20973ms] [ERROR] Failed to load resource: net::ERR_CONNECTION_RESET @ https://img2.doubanio.com/icon/u135182236-121.jpg:0
[   20988ms] [ERROR] Failed to load resource: net::ERR_CONNECTION_RESET @ https://img2.doubanio.com/icon/u146638983-1.jpg:0
[   20990ms] [ERROR] Failed to load resource: net::ERR_CONNECTION_RESET @ https://img2.doubanio.com/icon/u148997335-11.jpg:0
[   20990ms] [ERROR] Failed to load resource: net::ERR_CONNECTION_RESET @ https://img2.doubanio.com/icon/u149042295-1.jpg:0
[   20990ms] [ERROR] Failed to load resource: net::ERR_CONNECTION_RESET @ https://img2.doubanio.com/icon/u140874856-1.jpg:0
[   20990ms] [ERROR] Failed to load resource: net::ERR_CONNECTION_RESET @ https://img2.doubanio.com/icon/u169842191-1.jpg:0
