[   14575ms] [INFO] 喜欢看豆瓣的代码，还是发现了什么bug？不如和我们一起为豆瓣添砖加瓦吧！
http://jobs.douban.com/#position-zsqd @ https://img1.doubanio.com/f/vendors/e258329ca4b2122b4efe53fddc418967441e0e7f/js/douban.js:3213
[   15745ms] [WARNING] An iframe which has both allow-scripts and allow-same-origin for its sandbox attribute can escape its sandboxing. @ https://img1.doubanio.com/ZHdhZ2Y4eC9mL2FkanMvZmE3NGZkMWY5NzhhZmM4NmZhZjMxMTllNTQ5MGIyYWRlNTUwYmI0NS9hZC5yZWxlYXNlLmpz?company_token=kX69T8w1wyOE-dale:1
[   16153ms] [LOG] frame on registerListener @ https://game.weixin.qq.com/cgi-bin/minigame/static/pc-gamesdk-alpha/wxgamesdkframe.html:0
[   16196ms] [LOG] frame on sync_method {getGameSession: } @ https://game.weixin.qq.com/cgi-bin/minigame/static/pc-gamesdk-alpha/wxgamesdkframe.html:0
[   16600ms] [LOG] frame on invoke {apiName: getGameSession, args: Object} @ https://game.weixin.qq.com/cgi-bin/minigame/static/pc-gamesdk-alpha/wxgamesdkframe.html:0
[   16607ms] [ERROR] Failed to load resource: net::ERR_CONNECTION_CLOSED @ https://localhost.weixin.qq.com:14019/wx_game_base/api/business:0
[   19201ms] [LOG] [GDTAdSDK]: 初始化成功 undefined @ :6
[   19608ms] [LOG] frame on invoke {apiName: getGameSession, args: Object} @ https://game.weixin.qq.com/cgi-bin/minigame/static/pc-gamesdk-alpha/wxgamesdkframe.html:0
[   19610ms] [ERROR] Failed to load resource: net::ERR_CONNECTION_CLOSED @ https://localhost.weixin.qq.com:14016/wx_game_base/api/business:0
[   19613ms] [ERROR] Failed to load resource: net::ERR_CONNECTION_CLOSED @ https://localhost.weixin.qq.com:14019/wx_game_base/api/business:0
[   22615ms] [ERROR] Failed to load resource: net::ERR_CONNECTION_CLOSED @ https://localhost.weixin.qq.com:14016/wx_game_base/api/business:0
[   23609ms] [ERROR] Failed to load resource: net::ERR_CONNECTION_RESET @ https://localhost.weixin.qq.com:13016/wx_game_base/api/business:0
[   23610ms] [ERROR] Failed to load resource: net::ERR_CONNECTION_RESET @ https://localhost.weixin.qq.com:14018/wx_game_base/api/business:0
[   23611ms] [ERROR] Failed to load resource: net::ERR_CONNECTION_RESET @ https://localhost.weixin.qq.com:14017/wx_game_base/api/business:0
[   23611ms] [ERROR] Failed to load resource: net::ERR_CONNECTION_RESET @ https://localhost.weixin.qq.com:13018/wx_game_base/api/business:0
[   23613ms] [ERROR] Error: timeout
    at https://game.weixin.qq.com/cgi-bin/minigame/static/pc-gamesdk-alpha/wxgamesdkframe.html:1:9167
    at Generator.throw (<anonymous>)
    at a (https://game.weixin.qq.com/cgi-bin/minigame/static/pc-gamesdk-alpha/wxgamesdkframe.html:1:7941) @ https://game.weixin.qq.com/cgi-bin/minigame/static/pc-gamesdk-alpha/wxgamesdkframe.html:0
[   23613ms] [ERROR] Failed to load resource: net::ERR_CONNECTION_RESET @ https://localhost.weixin.qq.com:13017/wx_game_base/api/business:0
[   24166ms] [ERROR] [GDTAdSdk]: loadNativeAdData failed GDTError: Match no ad. Please DON'T retry immediately.
    at LocalPlugin.loadNativeAdData (https://qzs.gdtimg.com/union/res/pc/ylh-pc-ad-sdk.v1.29.29.js:44:64117)
    at async SDKAdapter.execute (https://qzs.gdtimg.com/union/res/pc/ylh-pc-ad-sdk.v1.29.29.js:44:64659)
    at async Proxy.loadNativeAdData (https://qzs.gdtimg.com/union/res/pc/ylh-pc-ad-sdk.v1.29.29.js:44:66446) @ :213
[   24580ms] [ERROR] Failed to load resource: net::ERR_CONNECTION_RESET @ https://img2.doubanio.com/view/photo/m/public/p2931050201.webp:0
[   24882ms] [ERROR] Failed to load resource: net::ERR_CONNECTION_RESET @ https://img2.doubanio.com/view/photo/m/public/p2931004171.webp:0
[   24883ms] [ERROR] Failed to load resource: net::ERR_CONNECTION_RESET @ https://img2.doubanio.com/view/photo/m/public/p2905138151.webp:0
[   24883ms] [ERROR] Failed to load resource: net::ERR_CONNECTION_RESET @ https://img2.doubanio.com/view/photo/m/public/p2931050191.webp:0
[   24883ms] [ERROR] Failed to load resource: net::ERR_CONNECTION_RESET @ https://img2.doubanio.com/view/photo/m/public/p2931004191.webp:0
[   24883ms] [ERROR] Failed to load resource: net::ERR_CONNECTION_RESET @ https://img2.doubanio.com/view/photo/m/public/p2929524491.webp:0
[   26615ms] [ERROR] Failed to load resource: net::ERR_CONNECTION_RESET @ https://localhost.weixin.qq.com:13017/wx_game_base/api/business:0
[   26615ms] [ERROR] Failed to load resource: net::ERR_CONNECTION_RESET @ https://localhost.weixin.qq.com:14018/wx_game_base/api/business:0
[   26618ms] [ERROR] Failed to load resource: net::ERR_CONNECTION_RESET @ https://localhost.weixin.qq.com:13018/wx_game_base/api/business:0
[   26618ms] [ERROR] Failed to load resource: net::ERR_CONNECTION_RESET @ https://localhost.weixin.qq.com:14017/wx_game_base/api/business:0
[   26619ms] [ERROR] Error: timeout
    at https://game.weixin.qq.com/cgi-bin/minigame/static/pc-gamesdk-alpha/wxgamesdkframe.html:1:9167
    at Generator.throw (<anonymous>)
    at a (https://game.weixin.qq.com/cgi-bin/minigame/static/pc-gamesdk-alpha/wxgamesdkframe.html:1:7941) @ https://game.weixin.qq.com/cgi-bin/minigame/static/pc-gamesdk-alpha/wxgamesdkframe.html:0
[   26619ms] [ERROR] Failed to load resource: net::ERR_CONNECTION_RESET @ https://localhost.weixin.qq.com:13016/wx_game_base/api/business:0
[   34582ms] [ERROR] Failed to load resource: net::ERR_CONNECTION_RESET @ https://img2.doubanio.com/icon/u140488495-1.jpg:0
[   34885ms] [ERROR] Failed to load resource: net::ERR_CONNECTION_RESET @ https://img2.doubanio.com/icon/u168526393-1.jpg:0
