[    1511ms] [INFO] 喜欢看豆瓣的代码，还是发现了什么bug？不如和我们一起为豆瓣添砖加瓦吧！
http://jobs.douban.com/#position-zsqd @ https://img1.doubanio.com/f/vendors/e258329ca4b2122b4efe53fddc418967441e0e7f/js/douban.js:3213
[    2975ms] [WARNING] An iframe which has both allow-scripts and allow-same-origin for its sandbox attribute can escape its sandboxing. @ https://img1.doubanio.com/ZHdhZ2Y4eC9mL2FkanMvZmE3NGZkMWY5NzhhZmM4NmZhZjMxMTllNTQ5MGIyYWRlNTUwYmI0NS9hZC5yZWxlYXNlLmpz?company_token=kX69T8w1wyOE-dale:1
[    3846ms] [LOG] frame on registerListener @ https://game.weixin.qq.com/cgi-bin/minigame/static/pc-gamesdk-alpha/wxgamesdkframe.html:0
[    3918ms] [LOG] frame on sync_method {getGameSession: } @ https://game.weixin.qq.com/cgi-bin/minigame/static/pc-gamesdk-alpha/wxgamesdkframe.html:0
[    5529ms] [LOG] frame on invoke {apiName: getGameSession, args: Object} @ https://game.weixin.qq.com/cgi-bin/minigame/static/pc-gamesdk-alpha/wxgamesdkframe.html:0
[    5530ms] [ERROR] Error: rate limit exceeded
    at https://game.weixin.qq.com/cgi-bin/minigame/static/pc-gamesdk-alpha/wxgamesdkframe.html:1:11004
    at Generator.next (<anonymous>)
    at https://game.weixin.qq.com/cgi-bin/minigame/static/pc-gamesdk-alpha/wxgamesdkframe.html:1:10192
    at new Promise (<anonymous>)
    at n (https://game.weixin.qq.com/cgi-bin/minigame/static/pc-gamesdk-alpha/wxgamesdkframe.html:1:9940)
    at Object.send (https://game.weixin.qq.com/cgi-bin/minigame/static/pc-gamesdk-alpha/wxgamesdkframe.html:1:10847)
    at https://game.weixin.qq.com/cgi-bin/minigame/static/pc-gamesdk-alpha/wxgamesdkframe.html:1:1002
    at Generator.next (<anonymous>)
    at https://game.weixin.qq.com/cgi-bin/minigame/static/pc-gamesdk-alpha/wxgamesdkframe.html:1:508
    at new Promise (<anonymous>) @ https://game.weixin.qq.com/cgi-bin/minigame/static/pc-gamesdk-alpha/wxgamesdkframe.html:0
[    5531ms] [LOG] [GDTAdSDK]: 初始化成功 undefined @ :6
[    5935ms] [LOG] frame on invoke {apiName: getGameSession, args: Object} @ https://game.weixin.qq.com/cgi-bin/minigame/static/pc-gamesdk-alpha/wxgamesdkframe.html:0
[    5935ms] [ERROR] Error: rate limit exceeded
    at https://game.weixin.qq.com/cgi-bin/minigame/static/pc-gamesdk-alpha/wxgamesdkframe.html:1:11004
    at Generator.next (<anonymous>)
    at https://game.weixin.qq.com/cgi-bin/minigame/static/pc-gamesdk-alpha/wxgamesdkframe.html:1:10192
    at new Promise (<anonymous>)
    at n (https://game.weixin.qq.com/cgi-bin/minigame/static/pc-gamesdk-alpha/wxgamesdkframe.html:1:9940)
    at Object.send (https://game.weixin.qq.com/cgi-bin/minigame/static/pc-gamesdk-alpha/wxgamesdkframe.html:1:10847)
    at https://game.weixin.qq.com/cgi-bin/minigame/static/pc-gamesdk-alpha/wxgamesdkframe.html:1:1002
    at Generator.next (<anonymous>)
    at https://game.weixin.qq.com/cgi-bin/minigame/static/pc-gamesdk-alpha/wxgamesdkframe.html:1:508
    at new Promise (<anonymous>) @ https://game.weixin.qq.com/cgi-bin/minigame/static/pc-gamesdk-alpha/wxgamesdkframe.html:0
[    6594ms] [ERROR] [GDTAdSdk]: loadNativeAdData failed GDTError: Match no ad. Please DON'T retry immediately.
    at LocalPlugin.loadNativeAdData (https://qzs.gdtimg.com/union/res/pc/ylh-pc-ad-sdk.v1.29.29.js:44:64117)
    at async SDKAdapter.execute (https://qzs.gdtimg.com/union/res/pc/ylh-pc-ad-sdk.v1.29.29.js:44:64659)
    at async Proxy.loadNativeAdData (https://qzs.gdtimg.com/union/res/pc/ylh-pc-ad-sdk.v1.29.29.js:44:66446) @ :213
[   10694ms] [INFO] 喜欢看豆瓣的代码，还是发现了什么bug？不如和我们一起为豆瓣添砖加瓦吧！
http://jobs.douban.com/#position-zsqd @ https://img1.doubanio.com/f/vendors/e258329ca4b2122b4efe53fddc418967441e0e7f/js/douban.js:3213
[   10781ms] Uncaught (in promise) ScriptExternalLoadError: Loading script failed.
(error: https://img9.doubanio.com/cuphead/federation/remoteEntry.js)
while loading "./lib/rc" from 756
    at 756 (https://img3.doubanio.com/cuphead/movie-static/photos/actor-list.4ca5a.js:0:212)
    at d (https://img3.doubanio.com/cuphead/movie-static/photos/actor-list.4ca5a.js:0:834)
    at u (https://img3.doubanio.com/cuphead/movie-static/photos/actor-list.4ca5a.js:0:3414)
    at <anonymous> (https://img3.doubanio.com/cuphead/movie-static/photos/actor-list.4ca5a.js:0:3643)
    at <anonymous> (https://img3.doubanio.com/cuphead/movie-static/photos/actor-list.4ca5a.js:0:3103)
    at <anonymous> (https://img3.doubanio.com/cuphead/movie-static/photos/actor-list.4ca5a.js:0:1697)
    at <anonymous> (https://img3.doubanio.com/cuphead/movie-static/photos/actor-list.4ca5a.js:0:1663)
    at 799 (https://img3.doubanio.com/cuphead/movie-static/photos/actor-list.4ca5a.js:0:67)
    at d (https://img3.doubanio.com/cuphead/movie-static/photos/actor-list.4ca5a.js:0:834)
    at <anonymous> (https://img3.doubanio.com/cuphead/movie-static/photos/actor-list.4ca5a.js:0:6722)
    at <anonymous> (https://img3.doubanio.com/cuphead/movie-static/photos/actor-list.4ca5a.js:0:6729)
[   11447ms] [WARNING] An iframe which has both allow-scripts and allow-same-origin for its sandbox attribute can escape its sandboxing. @ https://img1.doubanio.com/ZHdhZ2Y4eC9mL2FkanMvZmE3NGZkMWY5NzhhZmM4NmZhZjMxMTllNTQ5MGIyYWRlNTUwYmI0NS9hZC5yZWxlYXNlLmpz?company_token=kX69T8w1wyOE-dale:1
[   11454ms] [LOG] script loaded:  https://shared.ydstatic.com/js/yadk/1.1.2.js @ https://shared.ydstatic.com/js/yatdk/3.0.0/pcBanner.js:6
[   11454ms] [LOG] scripts load finish! @ https://shared.ydstatic.com/js/yatdk/3.0.0/pcBanner.js:6
[   11532ms] [ERROR] Failed to load resource: net::ERR_CONNECTION_RESET @ https://img2.doubanio.com/icon/u75262439-1.jpg:0
[   11534ms] [ERROR] Failed to load resource: net::ERR_CONNECTION_RESET @ https://img2.doubanio.com/icon/u74748075-1.jpg:0
[   11534ms] [ERROR] Failed to load resource: net::ERR_CONNECTION_RESET @ https://img2.doubanio.com/icon/u102563791-1.jpg:0
[   11534ms] [ERROR] Failed to load resource: net::ERR_CONNECTION_RESET @ https://img2.doubanio.com/icon/u63135899-1.jpg:0
[   20718ms] [ERROR] Failed to load resource: net::ERR_CONNECTION_RESET @ https://img2.doubanio.com/icon/u172902170-1.jpg:0
[   20720ms] [ERROR] Failed to load resource: net::ERR_CONNECTION_RESET @ https://img2.doubanio.com/icon/u153001400-1.jpg:0
[   21554ms] [ERROR] Failed to load resource: net::ERR_CONNECTION_RESET @ https://img2.doubanio.com/icon/u21054992-201.jpg:0
[   21557ms] [ERROR] Failed to load resource: net::ERR_CONNECTION_RESET @ https://img2.doubanio.com/icon/u183043368-1.jpg:0
[   21557ms] [ERROR] Failed to load resource: net::ERR_CONNECTION_RESET @ https://img2.doubanio.com/icon/u151626597-1.jpg:0
[   21557ms] [ERROR] Failed to load resource: net::ERR_CONNECTION_RESET @ https://img2.doubanio.com/icon/u146548615-11.jpg:0
[   30726ms] [ERROR] Failed to load resource: net::ERR_CONNECTION_RESET @ https://img2.doubanio.com/icon/u199219967-1.jpg:0
[   30727ms] [ERROR] Failed to load resource: net::ERR_CONNECTION_RESET @ https://img2.doubanio.com/icon/u129176818-11.jpg:0
[   31573ms] [ERROR] Failed to load resource: net::ERR_CONNECTION_RESET @ https://img2.doubanio.com/icon/u159159932-1.jpg:0
[   31575ms] [ERROR] Failed to load resource: net::ERR_CONNECTION_RESET @ https://img2.doubanio.com/icon/u190417127-31.jpg:0
[   31575ms] [ERROR] Failed to load resource: net::ERR_CONNECTION_RESET @ https://img2.doubanio.com/icon/u244866400-1.jpg:0
