[    1615ms] [INFO] 喜欢看豆瓣的代码，还是发现了什么bug？不如和我们一起为豆瓣添砖加瓦吧！
http://jobs.douban.com/#position-zsqd @ https://img1.doubanio.com/f/vendors/e258329ca4b2122b4efe53fddc418967441e0e7f/js/douban.js:3213
[    2117ms] [WARNING] An iframe which has both allow-scripts and allow-same-origin for its sandbox attribute can escape its sandboxing. @ https://img1.doubanio.com/ZHdhZ2Y4eC9mL2FkanMvZmE3NGZkMWY5NzhhZmM4NmZhZjMxMTllNTQ5MGIyYWRlNTUwYmI0NS9hZC5yZWxlYXNlLmpz?company_token=kX69T8w1wyOE-dale:1
[    3025ms] [LOG] frame on registerListener @ https://game.weixin.qq.com/cgi-bin/minigame/static/pc-gamesdk-alpha/wxgamesdkframe.html:0
[    6240ms] [LOG] frame on sync_method {getGameSession: } @ https://game.weixin.qq.com/cgi-bin/minigame/static/pc-gamesdk-alpha/wxgamesdkframe.html:0
[    6243ms] [LOG] [GDTAdSDK]: 初始化成功 undefined @ :6
[    6467ms] [ERROR] [GDTAdSdk]: loadNativeAdData failed GDTError: Match no ad. Please DON'T retry immediately.
    at LocalPlugin.loadNativeAdData (https://qzs.gdtimg.com/union/res/pc/ylh-pc-ad-sdk.v1.29.29.js:44:64117)
    at async SDKAdapter.execute (https://qzs.gdtimg.com/union/res/pc/ylh-pc-ad-sdk.v1.29.29.js:44:64659)
    at async Proxy.loadNativeAdData (https://qzs.gdtimg.com/union/res/pc/ylh-pc-ad-sdk.v1.29.29.js:44:66446) @ :213
[   10776ms] [INFO] 喜欢看豆瓣的代码，还是发现了什么bug？不如和我们一起为豆瓣添砖加瓦吧！
http://jobs.douban.com/#position-zsqd @ https://img1.doubanio.com/f/vendors/e258329ca4b2122b4efe53fddc418967441e0e7f/js/douban.js:3213
[   10873ms] Uncaught (in promise) ScriptExternalLoadError: Loading script failed.
(error: https://img9.doubanio.com/cuphead/federation/remoteEntry.js)
while loading "./lib/rc" from 756
    at 756 (https://img3.doubanio.com/cuphead/movie-static/photos/actor-list.4ca5a.js:0:212)
    at d (https://img3.doubanio.com/cuphead/movie-static/photos/actor-list.4ca5a.js:0:834)
    at u (https://img3.doubanio.com/cuphead/movie-static/photos/actor-list.4ca5a.js:0:3414)
    at <anonymous> (https://img3.doubanio.com/cuphead/movie-static/photos/actor-list.4ca5a.js:0:3643)
    at d.f.remotes (https://img3.doubanio.com/cuphead/movie-static/photos/actor-list.4ca5a.js:0:3103)
    at <anonymous> (https://img3.doubanio.com/cuphead/movie-static/photos/actor-list.4ca5a.js:0:1697)
    at d.e (https://img3.doubanio.com/cuphead/movie-static/photos/actor-list.4ca5a.js:0:1663)
    at 799 (https://img3.doubanio.com/cuphead/movie-static/photos/actor-list.4ca5a.js:0:67)
    at d (https://img3.doubanio.com/cuphead/movie-static/photos/actor-list.4ca5a.js:0:834)
    at <anonymous> (https://img3.doubanio.com/cuphead/movie-static/photos/actor-list.4ca5a.js:0:6722)
    at <anonymous> (https://img3.doubanio.com/cuphead/movie-static/photos/actor-list.4ca5a.js:0:6729)
[   11193ms] [WARNING] An iframe which has both allow-scripts and allow-same-origin for its sandbox attribute can escape its sandboxing. @ https://img1.doubanio.com/ZHdhZ2Y4eC9mL2FkanMvZmE3NGZkMWY5NzhhZmM4NmZhZjMxMTllNTQ5MGIyYWRlNTUwYmI0NS9hZC5yZWxlYXNlLmpz?company_token=kX69T8w1wyOE-dale:1
[   11199ms] [LOG] script loaded:  https://shared.ydstatic.com/js/yadk/1.1.2.js @ https://shared.ydstatic.com/js/yatdk/3.0.0/pcBanner.js:6
[   11199ms] [LOG] scripts load finish! @ https://shared.ydstatic.com/js/yatdk/3.0.0/pcBanner.js:6
[   25573ms] [INFO] 喜欢看豆瓣的代码，还是发现了什么bug？不如和我们一起为豆瓣添砖加瓦吧！
http://jobs.douban.com/#position-zsqd @ https://img1.doubanio.com/f/vendors/e258329ca4b2122b4efe53fddc418967441e0e7f/js/douban.js:3213
[   25619ms] Uncaught (in promise) ScriptExternalLoadError: Loading script failed.
(error: https://img9.doubanio.com/cuphead/federation/remoteEntry.js)
while loading "./lib/rc" from 756
    at 756 (https://img3.doubanio.com/cuphead/movie-static/photos/actor-list.4ca5a.js:0:212)
    at d (https://img3.doubanio.com/cuphead/movie-static/photos/actor-list.4ca5a.js:0:834)
    at u (https://img3.doubanio.com/cuphead/movie-static/photos/actor-list.4ca5a.js:0:3414)
    at <anonymous> (https://img3.doubanio.com/cuphead/movie-static/photos/actor-list.4ca5a.js:0:3643)
    at d.f.remotes (https://img3.doubanio.com/cuphead/movie-static/photos/actor-list.4ca5a.js:0:3103)
    at <anonymous> (https://img3.doubanio.com/cuphead/movie-static/photos/actor-list.4ca5a.js:0:1697)
    at d.e (https://img3.doubanio.com/cuphead/movie-static/photos/actor-list.4ca5a.js:0:1663)
    at 799 (https://img3.doubanio.com/cuphead/movie-static/photos/actor-list.4ca5a.js:0:67)
    at d (https://img3.doubanio.com/cuphead/movie-static/photos/actor-list.4ca5a.js:0:834)
    at <anonymous> (https://img3.doubanio.com/cuphead/movie-static/photos/actor-list.4ca5a.js:0:6722)
    at <anonymous> (https://img3.doubanio.com/cuphead/movie-static/photos/actor-list.4ca5a.js:0:6729)
[   25956ms] [WARNING] An iframe which has both allow-scripts and allow-same-origin for its sandbox attribute can escape its sandboxing. @ https://img1.doubanio.com/ZHdhZ2Y4eC9mL2FkanMvZmE3NGZkMWY5NzhhZmM4NmZhZjMxMTllNTQ5MGIyYWRlNTUwYmI0NS9hZC5yZWxlYXNlLmpz?company_token=kX69T8w1wyOE-dale:1
[   25959ms] [LOG] script loaded:  https://shared.ydstatic.com/js/yadk/1.1.2.js @ https://shared.ydstatic.com/js/yatdk/3.0.0/pcBanner.js:6
[   25959ms] [LOG] scripts load finish! @ https://shared.ydstatic.com/js/yatdk/3.0.0/pcBanner.js:6
[   44988ms] [INFO] 喜欢看豆瓣的代码，还是发现了什么bug？不如和我们一起为豆瓣添砖加瓦吧！
http://jobs.douban.com/#position-zsqd @ https://img1.doubanio.com/f/vendors/e258329ca4b2122b4efe53fddc418967441e0e7f/js/douban.js:3213
[   45032ms] Uncaught (in promise) ScriptExternalLoadError: Loading script failed.
(error: https://img9.doubanio.com/cuphead/federation/remoteEntry.js)
while loading "./lib/rc" from 756
    at 756 (https://img3.doubanio.com/cuphead/movie-static/photos/actor-list.4ca5a.js:0:212)
    at d (https://img3.doubanio.com/cuphead/movie-static/photos/actor-list.4ca5a.js:0:834)
    at u (https://img3.doubanio.com/cuphead/movie-static/photos/actor-list.4ca5a.js:0:3414)
    at <anonymous> (https://img3.doubanio.com/cuphead/movie-static/photos/actor-list.4ca5a.js:0:3643)
    at d.f.remotes (https://img3.doubanio.com/cuphead/movie-static/photos/actor-list.4ca5a.js:0:3103)
    at <anonymous> (https://img3.doubanio.com/cuphead/movie-static/photos/actor-list.4ca5a.js:0:1697)
    at d.e (https://img3.doubanio.com/cuphead/movie-static/photos/actor-list.4ca5a.js:0:1663)
    at 799 (https://img3.doubanio.com/cuphead/movie-static/photos/actor-list.4ca5a.js:0:67)
    at d (https://img3.doubanio.com/cuphead/movie-static/photos/actor-list.4ca5a.js:0:834)
    at <anonymous> (https://img3.doubanio.com/cuphead/movie-static/photos/actor-list.4ca5a.js:0:6722)
    at <anonymous> (https://img3.doubanio.com/cuphead/movie-static/photos/actor-list.4ca5a.js:0:6729)
[   45371ms] [WARNING] An iframe which has both allow-scripts and allow-same-origin for its sandbox attribute can escape its sandboxing. @ https://img1.doubanio.com/ZHdhZ2Y4eC9mL2FkanMvZmE3NGZkMWY5NzhhZmM4NmZhZjMxMTllNTQ5MGIyYWRlNTUwYmI0NS9hZC5yZWxlYXNlLmpz?company_token=kX69T8w1wyOE-dale:1
[   45374ms] [LOG] script loaded:  https://shared.ydstatic.com/js/yadk/1.1.2.js @ https://shared.ydstatic.com/js/yatdk/3.0.0/pcBanner.js:6
[   45374ms] [LOG] scripts load finish! @ https://shared.ydstatic.com/js/yatdk/3.0.0/pcBanner.js:6
[   64736ms] [INFO] 喜欢看豆瓣的代码，还是发现了什么bug？不如和我们一起为豆瓣添砖加瓦吧！
http://jobs.douban.com/#position-zsqd @ https://img1.doubanio.com/f/vendors/e258329ca4b2122b4efe53fddc418967441e0e7f/js/douban.js:3213
[   64781ms] Uncaught (in promise) ScriptExternalLoadError: Loading script failed.
(error: https://img9.doubanio.com/cuphead/federation/remoteEntry.js)
while loading "./lib/rc" from 756
    at 756 (https://img3.doubanio.com/cuphead/movie-static/photos/actor-list.4ca5a.js:0:212)
    at d (https://img3.doubanio.com/cuphead/movie-static/photos/actor-list.4ca5a.js:0:834)
    at u (https://img3.doubanio.com/cuphead/movie-static/photos/actor-list.4ca5a.js:0:3414)
    at <anonymous> (https://img3.doubanio.com/cuphead/movie-static/photos/actor-list.4ca5a.js:0:3643)
    at d.f.remotes (https://img3.doubanio.com/cuphead/movie-static/photos/actor-list.4ca5a.js:0:3103)
    at <anonymous> (https://img3.doubanio.com/cuphead/movie-static/photos/actor-list.4ca5a.js:0:1697)
    at d.e (https://img3.doubanio.com/cuphead/movie-static/photos/actor-list.4ca5a.js:0:1663)
    at 799 (https://img3.doubanio.com/cuphead/movie-static/photos/actor-list.4ca5a.js:0:67)
    at d (https://img3.doubanio.com/cuphead/movie-static/photos/actor-list.4ca5a.js:0:834)
    at <anonymous> (https://img3.doubanio.com/cuphead/movie-static/photos/actor-list.4ca5a.js:0:6722)
    at <anonymous> (https://img3.doubanio.com/cuphead/movie-static/photos/actor-list.4ca5a.js:0:6729)
[   65117ms] [WARNING] An iframe which has both allow-scripts and allow-same-origin for its sandbox attribute can escape its sandboxing. @ https://img1.doubanio.com/ZHdhZ2Y4eC9mL2FkanMvZmE3NGZkMWY5NzhhZmM4NmZhZjMxMTllNTQ5MGIyYWRlNTUwYmI0NS9hZC5yZWxlYXNlLmpz?company_token=kX69T8w1wyOE-dale:1
[   65120ms] [LOG] script loaded:  https://shared.ydstatic.com/js/yadk/1.1.2.js @ https://shared.ydstatic.com/js/yatdk/3.0.0/pcBanner.js:6
[   65120ms] [LOG] scripts load finish! @ https://shared.ydstatic.com/js/yatdk/3.0.0/pcBanner.js:6
