[     456ms] [INFO] 喜欢看豆瓣的代码，还是发现了什么bug？不如和我们一起为豆瓣添砖加瓦吧！
http://jobs.douban.com/#position-zsqd @ https://img1.doubanio.com/f/vendors/e258329ca4b2122b4efe53fddc418967441e0e7f/js/douban.js:3213
[     510ms] Uncaught (in promise) ScriptExternalLoadError: Loading script failed.
(error: https://img9.doubanio.com/cuphead/federation/remoteEntry.js)
while loading "./lib/rc" from 756
    at 756 (https://img3.doubanio.com/cuphead/movie-static/photos/actor-list.4ca5a.js:0:212)
    at d (https://img3.doubanio.com/cuphead/movie-static/photos/actor-list.4ca5a.js:0:834)
    at u (https://img3.doubanio.com/cuphead/movie-static/photos/actor-list.4ca5a.js:0:3414)
    at <anonymous> (https://img3.doubanio.com/cuphead/movie-static/photos/actor-list.4ca5a.js:0:3643)
    at <anonymous> (https://img3.doubanio.com/cuphead/movie-static/photos/actor-list.4ca5a.js:0:3103)
    at <anonymous> (https://img3.doubanio.com/cuphead/movie-static/photos/actor-list.4ca5a.js:0:1697)
    at <anonymous> (https://img3.doubanio.com/cuphead/movie-static/photos/actor-list.4ca5a.js:0:1663)
    at 799 (https://img3.doubanio.com/cuphead/movie-static/photos/actor-list.4ca5a.js:0:67)
    at d (https://img3.doubanio.com/cuphead/movie-static/photos/actor-list.4ca5a.js:0:834)
    at <anonymous> (https://img3.doubanio.com/cuphead/movie-static/photos/actor-list.4ca5a.js:0:6722)
    at <anonymous> (https://img3.doubanio.com/cuphead/movie-static/photos/actor-list.4ca5a.js:0:6729)
[    1145ms] [WARNING] An iframe which has both allow-scripts and allow-same-origin for its sandbox attribute can escape its sandboxing. @ https://img1.doubanio.com/ZHdhZ2Y4eC9mL2FkanMvZmE3NGZkMWY5NzhhZmM4NmZhZjMxMTllNTQ5MGIyYWRlNTUwYmI0NS9hZC5yZWxlYXNlLmpz?company_token=kX69T8w1wyOE-dale:1
[    1148ms] [LOG] script loaded:  https://shared.ydstatic.com/js/yadk/1.1.2.js @ https://shared.ydstatic.com/js/yatdk/3.0.0/pcBanner.js:6
[    1148ms] [LOG] scripts load finish! @ https://shared.ydstatic.com/js/yatdk/3.0.0/pcBanner.js:6
[   10473ms] [ERROR] Failed to load resource: net::ERR_CONNECTION_RESET @ https://img2.doubanio.com/icon/u39056668-21.jpg:0
[   10475ms] [ERROR] Failed to load resource: net::ERR_CONNECTION_RESET @ https://img2.doubanio.com/icon/u47377252-11.jpg:0
[   10475ms] [ERROR] Failed to load resource: net::ERR_CONNECTION_RESET @ https://img2.doubanio.com/icon/u178411670-1.jpg:0
[   10476ms] [ERROR] Failed to load resource: net::ERR_CONNECTION_RESET @ https://img2.doubanio.com/icon/u157046146-41.jpg:0
[   10476ms] [ERROR] Failed to load resource: net::ERR_CONNECTION_RESET @ https://img2.doubanio.com/icon/u155715063-1.jpg:0
[   10476ms] [ERROR] Failed to load resource: net::ERR_CONNECTION_RESET @ https://img2.doubanio.com/icon/u156278663-1.jpg:0
[   20500ms] [ERROR] Failed to load resource: net::ERR_CONNECTION_RESET @ https://img2.doubanio.com/icon/u176300963-1.jpg:0
