[    4445ms] [ERROR] Failed to load resource: net::ERR_HTTP2_PROTOCOL_ERROR @ https://img1.doubanio.com/f/vendors/ee6598d46af0bc554cecec9bcbf525b9b0582cb0/css/separation/_all.css:0
[    4445ms] [ERROR] Failed to load resource: net::ERR_HTTP2_PROTOCOL_ERROR @ https://img1.doubanio.com/cuphead/movie-static/base/init.15f4b.css:0
[    4462ms] [ERROR] Failed to load resource: net::ERR_HTTP2_PROTOCOL_ERROR @ https://img1.doubanio.com/f/vendors/0511abe9863c2ea7084efa7e24d1d86c5b3974f1/js/jquery-1.10.2.min.js:0
[    4462ms] [ERROR] Failed to load resource: net::ERR_HTTP2_PROTOCOL_ERROR @ https://img1.doubanio.com/f/vendors/b0d3faaf7a432605add54908e39e17746824d6cc/js/separation/_all.js:0
[    4510ms] Uncaught ReferenceError: $ is not defined
    at <anonymous> (https://img1.doubanio.com/f/vendors/e258329ca4b2122b4efe53fddc418967441e0e7f/js/douban.js:1351:0)
[    4511ms] ReferenceError: $ is not defined
    at https://movie.douban.com/subject/1292052/:721:1
[    4537ms] Uncaught ReferenceError: jQuery is not defined
    at 1669 (https://img1.doubanio.com/cuphead/movie-static/download-output-image/index.5461d.js:0:52)
    at e (https://img1.doubanio.com/cuphead/movie-static/download-output-image/index.5461d.js:0:160)
    at <anonymous> (https://img1.doubanio.com/cuphead/movie-static/download-output-image/index.5461d.js:0:186)
    at <anonymous> (https://img1.doubanio.com/cuphead/movie-static/download-output-image/index.5461d.js:0:985)
[    4627ms] [ERROR] Failed to load resource: net::ERR_HTTP2_PROTOCOL_ERROR @ https://img1.doubanio.com/f/vendors/f25ae221544f39046484a823776f3aa01769ee10/js/ui/dialog.js:0
[    4651ms] Uncaught ReferenceError: $ is not defined
    at getShareContent (https://img1.doubanio.com/f/vendors/b6e0770163b1da14217b0f1ca39189d47b95f51f/js/lib/sharebutton.js:0:4068)
    at init (https://img1.doubanio.com/f/vendors/b6e0770163b1da14217b0f1ca39189d47b95f51f/js/lib/sharebutton.js:0:6146)
    at <anonymous> (https://img1.doubanio.com/f/vendors/b6e0770163b1da14217b0f1ca39189d47b95f51f/js/lib/sharebutton.js:0:6242)
[    4654ms] ReferenceError: $ is not defined
    at https://movie.douban.com/subject/1292052/:947:9
[    4654ms] ReferenceError: $ is not defined
    at https://movie.douban.com/subject/1292052/:1039:13
[    4692ms] [ERROR] ReferenceError: $ is not defined
    at x (https://img1.doubanio.com/f/verify/5a013657caa2324bb2a3d51d2b020556fe6f0878/entry_creator/dist/author_subject/index.js:1:1015)
    at a.getCreators (https://img1.doubanio.com/f/verify/5a013657caa2324bb2a3d51d2b020556fe6f0878/entry_creator/dist/author_subject/index.js:1:5185)
    at a.componentDidMount (https://img1.doubanio.com/f/verify/5a013657caa2324bb2a3d51d2b020556fe6f0878/entry_creator/dist/author_subject/index.js:1:5055)
    at Za (https://img1.doubanio.com/f/vendors/bd6325a12f40c34cbf2668aafafb4ccd60deab7e/vendors.js:7:1673)
    at tf (https://img1.doubanio.com/f/vendors/bd6325a12f40c34cbf2668aafafb4ccd60deab7e/vendors.js:9:5058)
    at k.unstable_runWithPriority (https://img1.doubanio.com/f/vendors/bd6325a12f40c34cbf2668aafafb4ccd60deab7e/vendors.js:9:30838)
    at zn (https://img1.doubanio.com/f/vendors/bd6325a12f40c34cbf2668aafafb4ccd60deab7e/vendors.js:5:38502)
    at Dn (https://img1.doubanio.com/f/vendors/bd6325a12f40c34cbf2668aafafb4ccd60deab7e/vendors.js:9:1828)
    at zu (https://img1.doubanio.com/f/vendors/bd6325a12f40c34cbf2668aafafb4ccd60deab7e/vendors.js:7:11103)
    at kn (https://img1.doubanio.com/f/vendors/bd6325a12f40c34cbf2668aafafb4ccd60deab7e/vendors.js:7:8430) @ https://img1.doubanio.com/f/vendors/bd6325a12f40c34cbf2668aafafb4ccd60deab7e/vendors.js:6
[    4692ms] Uncaught ReferenceError: $ is not defined
    at x (https://img1.doubanio.com/f/verify/5a013657caa2324bb2a3d51d2b020556fe6f0878/entry_creator/dist/author_subject/index.js:0:1014)
    at getCreators (https://img1.doubanio.com/f/verify/5a013657caa2324bb2a3d51d2b020556fe6f0878/entry_creator/dist/author_subject/index.js:0:5184)
    at componentDidMount (https://img1.doubanio.com/f/verify/5a013657caa2324bb2a3d51d2b020556fe6f0878/entry_creator/dist/author_subject/index.js:0:5054)
    at Za (https://img1.doubanio.com/f/vendors/bd6325a12f40c34cbf2668aafafb4ccd60deab7e/vendors.js:6:1672)
    at tf (https://img1.doubanio.com/f/vendors/bd6325a12f40c34cbf2668aafafb4ccd60deab7e/vendors.js:8:5057)
    at k.unstable_runWithPriority (https://img1.doubanio.com/f/vendors/bd6325a12f40c34cbf2668aafafb4ccd60deab7e/vendors.js:8:30837)
    at zn (https://img1.doubanio.com/f/vendors/bd6325a12f40c34cbf2668aafafb4ccd60deab7e/vendors.js:4:38501)
    at Dn (https://img1.doubanio.com/f/vendors/bd6325a12f40c34cbf2668aafafb4ccd60deab7e/vendors.js:8:1827)
    at zu (https://img1.doubanio.com/f/vendors/bd6325a12f40c34cbf2668aafafb4ccd60deab7e/vendors.js:6:11102)
    at kn (https://img1.doubanio.com/f/vendors/bd6325a12f40c34cbf2668aafafb4ccd60deab7e/vendors.js:6:8429)
    at Gr (https://img1.doubanio.com/f/vendors/bd6325a12f40c34cbf2668aafafb4ccd60deab7e/vendors.js:8:15812)
    at <anonymous> (https://img1.doubanio.com/f/vendors/bd6325a12f40c34cbf2668aafafb4ccd60deab7e/vendors.js:8:17470)
    at ms (https://img1.doubanio.com/f/vendors/bd6325a12f40c34cbf2668aafafb4ccd60deab7e/vendors.js:6:11368)
    at Zr (https://img1.doubanio.com/f/vendors/bd6325a12f40c34cbf2668aafafb4ccd60deab7e/vendors.js:8:17456)
    at k.render (https://img1.doubanio.com/f/vendors/bd6325a12f40c34cbf2668aafafb4ccd60deab7e/vendors.js:8:20024)
    at <anonymous> (https://img1.doubanio.com/f/verify/5a013657caa2324bb2a3d51d2b020556fe6f0878/entry_creator/dist/author_subject/index.js:0:5877)
    at <anonymous> (https://img1.doubanio.com/f/verify/5a013657caa2324bb2a3d51d2b020556fe6f0878/entry_creator/dist/author_subject/index.js:0:5954)
    at <anonymous> (https://img1.doubanio.com/f/verify/5a013657caa2324bb2a3d51d2b020556fe6f0878/entry_creator/dist/author_subject/index.js:0:5958)
    at <anonymous> (https://img1.doubanio.com/f/verify/5a013657caa2324bb2a3d51d2b020556fe6f0878/entry_creator/dist/author_subject/index.js:0:5963)
[    4692ms] ReferenceError: $ is not defined
    at https://movie.douban.com/subject/1292052/:1624:13
    at https://movie.douban.com/subject/1292052/:1634:11
[    4692ms] ReferenceError: $ is not defined
    at https://movie.douban.com/subject/1292052/:1672:13
    at https://movie.douban.com/subject/1292052/:1682:11
[    4692ms] ReferenceError: $ is not defined
    at https://movie.douban.com/subject/1292052/:1720:13
    at https://movie.douban.com/subject/1292052/:1730:11
[    4692ms] ReferenceError: $ is not defined
    at https://movie.douban.com/subject/1292052/:1768:13
    at https://movie.douban.com/subject/1292052/:1778:11
[    4692ms] ReferenceError: $ is not defined
    at https://movie.douban.com/subject/1292052/:1822:13
    at https://movie.douban.com/subject/1292052/:1832:11
[    4694ms] ReferenceError: $ is not defined
    at https://movie.douban.com/subject/1292052/:1879:17
[    4694ms] ReferenceError: $ is not defined
    at https://movie.douban.com/subject/1292052/:1938:17
[    4766ms] [ERROR] Failed to load resource: net::ERR_HTTP2_PROTOCOL_ERROR @ https://img1.doubanio.com/f/vendors/f25ae221544f39046484a823776f3aa01769ee10/js/ui/dialog.js:0
[    4767ms] ReferenceError: $ is not defined
    at https://movie.douban.com/subject/1292052/:2655:9
[    4815ms] [ERROR] Failed to load resource: net::ERR_HTTP2_PROTOCOL_ERROR @ https://img1.doubanio.com/f/vendors/f25ae221544f39046484a823776f3aa01769ee10/js/ui/dialog.js:0
[    4814ms] Uncaught ReferenceError: jQuery is not defined
    at 1669 (https://img1.doubanio.com/cuphead/movie-static/mod/login_pop.89db9.js:0:54)
    at o (https://img1.doubanio.com/cuphead/movie-static/mod/login_pop.89db9.js:0:161)
    at <anonymous> (https://img1.doubanio.com/cuphead/movie-static/mod/login_pop.89db9.js:0:187)
    at <anonymous> (https://img1.doubanio.com/cuphead/movie-static/mod/login_pop.89db9.js:0:1590)
[    4852ms] [ERROR] Failed to load resource: net::ERR_HTTP2_PROTOCOL_ERROR @ https://img1.doubanio.com/f/vendors/f25ae221544f39046484a823776f3aa01769ee10/js/ui/dialog.js:0
[    4851ms] Uncaught ReferenceError: jQuery is not defined
    at <anonymous> (https://img1.doubanio.com/f/vendors/55caa4decc5b4d78a5afa5d12f0b4bdfa7dcb6bb/js/lib/jquery.ba-hashchange.min.js:8:691)
[    4851ms] Uncaught ReferenceError: jQuery is not defined
    at 1669 (https://img3.doubanio.com/cuphead/movie-static/subject/comment_vote.1641a.js:0:50)
    at n (https://img3.doubanio.com/cuphead/movie-static/subject/comment_vote.1641a.js:0:157)
    at <anonymous> (https://img3.doubanio.com/cuphead/movie-static/subject/comment_vote.1641a.js:0:183)
    at <anonymous> (https://img3.doubanio.com/cuphead/movie-static/subject/comment_vote.1641a.js:0:557)
[    4853ms] ReferenceError: $ is not defined
    at https://movie.douban.com/subject/1292052/:3126:9
[    4855ms] Uncaught ReferenceError: jQuery is not defined
    at <anonymous> (https://img3.doubanio.com/dae/accounts/resources/f8b2226/movie/bundle.js:0:3169)
    at <anonymous> (https://img3.doubanio.com/dae/accounts/resources/f8b2226/movie/bundle.js:0:7763)
[    4862ms] Uncaught (in promise) ScriptExternalLoadError: Loading script failed.
(error: https://img9.doubanio.com/cuphead/federation/remoteEntry.js)
while loading "./lib/rc" from 756
    at 756 (https://img1.doubanio.com/cuphead/movie-static/updated_progress/index.f7790.js:0:179)
    at p (https://img1.doubanio.com/cuphead/movie-static/updated_progress/index.f7790.js:0:802)
    at u (https://img1.doubanio.com/cuphead/movie-static/updated_progress/index.f7790.js:0:3388)
    at <anonymous> (https://img1.doubanio.com/cuphead/movie-static/updated_progress/index.f7790.js:0:3617)
    at p.f.remotes (https://img1.doubanio.com/cuphead/movie-static/updated_progress/index.f7790.js:0:3077)
    at <anonymous> (https://img1.doubanio.com/cuphead/movie-static/updated_progress/index.f7790.js:0:1679)
    at p.e (https://img1.doubanio.com/cuphead/movie-static/updated_progress/index.f7790.js:0:1645)
    at 608 (https://img1.doubanio.com/cuphead/movie-static/updated_progress/index.f7790.js:0:67)
    at p (https://img1.doubanio.com/cuphead/movie-static/updated_progress/index.f7790.js:0:802)
    at <anonymous> (https://img1.doubanio.com/cuphead/movie-static/updated_progress/index.f7790.js:0:6701)
    at <anonymous> (https://img1.doubanio.com/cuphead/movie-static/updated_progress/index.f7790.js:0:6708)
[    4862ms] Uncaught (in promise) ScriptExternalLoadError: Loading script failed.
(error: https://img9.doubanio.com/cuphead/federation/remoteEntry.js)
while loading "./lib/rc" from 7756
    at 7756 (https://img1.doubanio.com/cuphead/movie-static/series/items-swiper.b6abb.js:0:205)
    at p (https://img1.doubanio.com/cuphead/movie-static/series/items-swiper.b6abb.js:0:829)
    at u (https://img1.doubanio.com/cuphead/movie-static/series/items-swiper.b6abb.js:0:3403)
    at <anonymous> (https://img1.doubanio.com/cuphead/movie-static/series/items-swiper.b6abb.js:0:3632)
    at p.f.remotes (https://img1.doubanio.com/cuphead/movie-static/series/items-swiper.b6abb.js:0:3092)
    at <anonymous> (https://img1.doubanio.com/cuphead/movie-static/series/items-swiper.b6abb.js:0:1692)
    at p.e (https://img1.doubanio.com/cuphead/movie-static/series/items-swiper.b6abb.js:0:1658)
    at 5075 (https://img1.doubanio.com/cuphead/movie-static/series/items-swiper.b6abb.js:0:68)
    at p (https://img1.doubanio.com/cuphead/movie-static/series/items-swiper.b6abb.js:0:829)
    at <anonymous> (https://img1.doubanio.com/cuphead/movie-static/series/items-swiper.b6abb.js:0:6703)
    at <anonymous> (https://img1.doubanio.com/cuphead/movie-static/series/items-swiper.b6abb.js:0:6711)
[    4891ms] [ERROR] Failed to load resource: net::ERR_HTTP2_PROTOCOL_ERROR @ https://img1.doubanio.com/ZHdhZ2Y4eC9mL2FkanMvZmE3NGZkMWY5NzhhZmM4NmZhZjMxMTllNTQ5MGIyYWRlNTUwYmI0NS9hZC5yZWxlYXNlLmpz?company_token=kX69T8w1wyOE-dale:0
[   13508ms] [ERROR] Failed to load resource: net::ERR_CONNECTION_RESET @ https://img2.doubanio.com/cuphead/movie-static/pics/reference.png:0
[   14529ms] [ERROR] Failed to load resource: net::ERR_CONNECTION_RESET @ https://img2.doubanio.com/view/photo/s_ratio_poster/public/p579729551.webp:0
[   14530ms] [ERROR] Failed to load resource: net::ERR_CONNECTION_RESET @ https://img2.doubanio.com/icon/u1187841-1.jpg:0
[   14530ms] [ERROR] Failed to load resource: net::ERR_CONNECTION_RESET @ https://img2.doubanio.com/icon/u274484462-1.jpg:0
[   14717ms] [ERROR] Failed to load resource: net::ERR_CONNECTION_RESET @ https://img2.doubanio.com/view/photo/photo/public/p2524161701.webp:0
[   14756ms] [ERROR] Failed to load resource: net::ERR_HTTP2_PROTOCOL_ERROR @ https://img1.doubanio.com/favicon.ico:0
